// Jest Snapshot v1, https://goo.gl/fbAQLP

exports[`get eurest menu data exports a promise with menu data 1`] = `
Object {
  "date": "20.09.22",
  "meals": Object {
    "0": Object {
      "category": "Brasserie",
      "description": "und Hörnli mit Reibkäse und Apfelmus",
      "id": "0",
      "prices": Array [
        "CHF 9,50",
        "Ext. 13,50",
        "669 kcal",
      ],
      "title": "Ghackets (CH)",
    },
    "1": Object {
      "category": "Grün und natürlich",
      "description": "mit Pitabrot und Joghurt",
      "id": "1",
      "prices": Array [
        "CHF 9,50",
        "Ext. 13,50",
        "539 kcal",
      ],
      "title": "Marokkanisches Safran Gemüse",
    },
    "2": Object {
      "category": "Tagessuppe",
      "description": null,
      "id": "2",
      "prices": Array [
        "CHF 1,40",
        "Ext. 1,70",
      ],
      "title": "Karotten-Ingwersuppe",
    },
  },
}
`;
